// Jest Snapshot v1, https://goo.gl/fbAQLP

exports[`Should render Careers component 1`] = `
<DocumentFragment>
  <div>
    <div
      class="sc-eCqeQn izBwZG"
    >
      <div
        class="sc-ehmTmK jFzFdk"
      >
        <div
          class="sc-olbas sc-hiMGwR IdaQF bIFTrT"
        >
          <div
            class="sc-lbOyJj lemKKq"
          >
            <img
              alt="Fi"
              class="sc-gsnTZi sc-dkzDqf krIvpr hKVGsE"
              loading="eager"
              src="logo.svg"
            />
          </div>
          <div
            class="sc-eKszNL dvXZdg"
          >
            <div
              class="sc-eCYdqJ cnGEXz sc-gSAPjG hJBHXF"
              color="GAINSBORO"
            >
              <div
                class="sc-iNWwEs eKIqhq"
              >
                About Us
                <div
                  class="sc-BeQoi BPuHZ"
                >
                  <div
                    class="sc-kgUAyh gXSeJt"
                  >
                    <h3
                      class="sc-kDDrLX kUqEAz"
                      color="CHARCOAL_GREY"
                    >
                      <div />
                    </h3>
                    <h3
                      class="sc-kDDrLX kUqEAz"
                      color="CHARCOAL_GREY"
                    >
                      <div />
                    </h3>
                    <h3
                      class="sc-kDDrLX kUqEAz"
                      color="CHARCOAL_GREY"
                    >
                      <div />
                    </h3>
                    <h3
                      class="sc-kDDrLX kUqEAz"
                      color="CHARCOAL_GREY"
                    >
                      <div />
                    </h3>
                  </div>
                </div>
              </div>
              <div
                class="sc-iNWwEs eKIqhq"
              >
                Product
                <div
                  class="sc-BeQoi BPuHZ"
                >
                  <div
                    class="sc-kgUAyh gXSeJt"
                  >
                    <h3
                      class="sc-kDDrLX kUqEAz"
                      color="CHARCOAL_GREY"
                    >
                      <div />
                    </h3>
                    <h3
                      class="sc-kDDrLX kUqEAz"
                      color="CHARCOAL_GREY"
                    >
                      <div />
                    </h3>
                    <h3
                      class="sc-kDDrLX kUqEAz"
                      color="CHARCOAL_GREY"
                    >
                      <div />
                    </h3>
                    <h3
                      class="sc-kDDrLX kUqEAz"
                      color="CHARCOAL_GREY"
                    >
                      <div />
                    </h3>
                    <h3
                      class="sc-kDDrLX kUqEAz"
                      color="CHARCOAL_GREY"
                    >
                      <div />
                    </h3>
                    <h3
                      class="sc-kDDrLX kUqEAz"
                      color="CHARCOAL_GREY"
                    >
                      <div />
                    </h3>
                    <h3
                      class="sc-kDDrLX kUqEAz"
                      color="CHARCOAL_GREY"
                    >
                      <div />
                    </h3>
                  </div>
                </div>
              </div>
              <div
                class="sc-iNWwEs eKIqhq"
              >
                <div />
              </div>
              <div
                class="sc-iNWwEs eKIqhq"
              >
                Resources
                <div
                  class="sc-BeQoi BPuHZ"
                >
                  <div
                    class="sc-kgUAyh gXSeJt"
                  >
                    <h3
                      class="sc-kDDrLX kUqEAz"
                      color="CHARCOAL_GREY"
                    >
                      <span
                        class="sc-jgbSNz lamefd"
                      >
                        <a
                          href="/blog"
                        >
                          Blog
                        </a>
                      </span>
                    </h3>
                    <h3
                      class="sc-kDDrLX kUqEAz"
                      color="CHARCOAL_GREY"
                    >
                      <div />
                    </h3>
                  </div>
                </div>
              </div>
              <div
                class="sc-iNWwEs eKIqhq"
              >
                <div />
              </div>
            </div>
            <div
              class="sc-iAvgwm fvwLWt"
            >
              <div
                class="sc-efBctP fqSSbl"
              >
                <div>
                  <div
                    class="sc-iTONeN sc-cTQhss hPlKkv jSgNfZ"
                  >
                    <img
                      alt="logo"
                      class="sc-gsnTZi sc-dkzDqf krIvpr hKVGsE"
                      loading="lazy"
                      src="prodQRCode.png"
                    />
                  </div>
                  <div
                    class="sc-eCYdqJ fxZcwK sc-bBXxYQ hMmiBy"
                    color="MINE_SHAFT"
                  >
                    Scan QR to get the Fi app
                  </div>
                  <div
                    class="sc-cOFTSb ecfeHO"
                  >
                    <a
                      href="https://play.google.com/store/apps/details?id=com.epifi.paisa&referrer=utm_source%3Dfimoney"
                      id="qrcodescanner_playstore_link"
                      rel="noreferrer"
                      target="_blank"
                    >
                      <div
                        class="sc-iTONeN sc-jOrMOR hPlKkv eVGPt"
                      >
                        <img
                          alt="logo"
                          class="sc-gsnTZi sc-dkzDqf krIvpr hKVGsE"
                          loading="lazy"
                          src="play-store_black.png"
                        />
                      </div>
                    </a>
                    <a
                      href="https://apps.apple.com/in/app/fi-money-digital-banking/id1531564767"
                      id="qrcodescanner_appstore_link"
                      rel="noreferrer"
                      target="_blank"
                    >
                      <div
                        class="sc-iTONeN sc-dPyBCJ hPlKkv fvEJLU"
                      >
                        <img
                          alt="logo"
                          class="sc-gsnTZi sc-dkzDqf krIvpr hKVGsE"
                          loading="lazy"
                          src="app-store_black.png"
                        />
                      </div>
                    </a>
                  </div>
                </div>
              </div>
            </div>
          </div>
        </div>
      </div>
      <div
        class="sc-TRNrF jjodjB"
      >
        <div
          class="sc-jIAOiI drAXQh"
        >
          <img
            alt="Fi"
            class="sc-gsnTZi sc-dkzDqf krIvpr hKVGsE"
            loading="eager"
            src="logo.svg"
          />
        </div>
        <div
          class="sc-eKszNL dvXZdg"
        >
          <div
            class="sc-eCYdqJ gVAJtX sc-gSAPjG hJBHXF"
            color="GREY_2"
          >
            <div
              class="sc-iNWwEs eKIqhq"
            >
              About Us
              <div
                class="sc-BeQoi BPuHZ"
              >
                <div
                  class="sc-kgUAyh gXSeJt"
                >
                  <h3
                    class="sc-kDDrLX kUqEAz"
                    color="CHARCOAL_GREY"
                  >
                    <div />
                  </h3>
                  <h3
                    class="sc-kDDrLX kUqEAz"
                    color="CHARCOAL_GREY"
                  >
                    <div />
                  </h3>
                  <h3
                    class="sc-kDDrLX kUqEAz"
                    color="CHARCOAL_GREY"
                  >
                    <div />
                  </h3>
                  <h3
                    class="sc-kDDrLX kUqEAz"
                    color="CHARCOAL_GREY"
                  >
                    <div />
                  </h3>
                </div>
              </div>
            </div>
            <div
              class="sc-iNWwEs eKIqhq"
            >
              Product
              <div
                class="sc-BeQoi BPuHZ"
              >
                <div
                  class="sc-kgUAyh gXSeJt"
                >
                  <h3
                    class="sc-kDDrLX kUqEAz"
                    color="CHARCOAL_GREY"
                  >
                    <div />
                  </h3>
                  <h3
                    class="sc-kDDrLX kUqEAz"
                    color="CHARCOAL_GREY"
                  >
                    <div />
                  </h3>
                  <h3
                    class="sc-kDDrLX kUqEAz"
                    color="CHARCOAL_GREY"
                  >
                    <div />
                  </h3>
                  <h3
                    class="sc-kDDrLX kUqEAz"
                    color="CHARCOAL_GREY"
                  >
                    <div />
                  </h3>
                  <h3
                    class="sc-kDDrLX kUqEAz"
                    color="CHARCOAL_GREY"
                  >
                    <div />
                  </h3>
                  <h3
                    class="sc-kDDrLX kUqEAz"
                    color="CHARCOAL_GREY"
                  >
                    <div />
                  </h3>
                  <h3
                    class="sc-kDDrLX kUqEAz"
                    color="CHARCOAL_GREY"
                  >
                    <div />
                  </h3>
                </div>
              </div>
            </div>
            <div
              class="sc-iNWwEs eKIqhq"
            >
              <div />
            </div>
            <div
              class="sc-iNWwEs eKIqhq"
            >
              Resources
              <div
                class="sc-BeQoi BPuHZ"
              >
                <div
                  class="sc-kgUAyh gXSeJt"
                >
                  <h3
                    class="sc-kDDrLX kUqEAz"
                    color="CHARCOAL_GREY"
                  >
                    <span
                      class="sc-jgbSNz lamefd"
                    >
                      <a
                        href="/blog"
                      >
                        Blog
                      </a>
                    </span>
                  </h3>
                  <h3
                    class="sc-kDDrLX kUqEAz"
                    color="CHARCOAL_GREY"
                  >
                    <div />
                  </h3>
                </div>
              </div>
            </div>
            <div
              class="sc-iNWwEs eKIqhq"
            >
              <div />
            </div>
          </div>
          <div
            class="sc-iAvgwm fvwLWt"
          >
            <div
              class="sc-efBctP fqSSbl"
            >
              <div>
                <div
                  class="sc-iTONeN sc-cTQhss hPlKkv jSgNfZ"
                >
                  <img
                    alt="logo"
                    class="sc-gsnTZi sc-dkzDqf krIvpr hKVGsE"
                    loading="lazy"
                    src="prodQRCode.png"
                  />
                </div>
                <div
                  class="sc-eCYdqJ fxZcwK sc-bBXxYQ hMmiBy"
                  color="MINE_SHAFT"
                >
                  Scan QR to get the Fi app
                </div>
                <div
                  class="sc-cOFTSb ecfeHO"
                >
                  <a
                    href="https://play.google.com/store/apps/details?id=com.epifi.paisa&referrer=utm_source%3Dfimoney"
                    id="qrcodescanner_playstore_link"
                    rel="noreferrer"
                    target="_blank"
                  >
                    <div
                      class="sc-iTONeN sc-jOrMOR hPlKkv eVGPt"
                    >
                      <img
                        alt="logo"
                        class="sc-gsnTZi sc-dkzDqf krIvpr hKVGsE"
                        loading="lazy"
                        src="play-store_black.png"
                      />
                    </div>
                  </a>
                  <a
                    href="https://apps.apple.com/in/app/fi-money-digital-banking/id1531564767"
                    id="qrcodescanner_appstore_link"
                    rel="noreferrer"
                    target="_blank"
                  >
                    <div
                      class="sc-iTONeN sc-dPyBCJ hPlKkv fvEJLU"
                    >
                      <img
                        alt="logo"
                        class="sc-gsnTZi sc-dkzDqf krIvpr hKVGsE"
                        loading="lazy"
                        src="app-store_black.png"
                      />
                    </div>
                  </a>
                </div>
              </div>
            </div>
          </div>
        </div>
      </div>
      <div
        class="sc-bczRLJ sc-eBxihg sc-ldZUWu cFvSHK eYuZzQ boUNb"
      >
        <div
          class="sc-bczRLJ sc-eBxihg sc-gauFBm cFvSHK eYuZzQ eRzVGX"
        >
          <h1
            class="sc-papXJ iWbUCB sc-bcSJjp sc-hFvvYD ktJcxc eJaBaS"
          >
            Help banking time travel & have fun doing it 😇
          </h1>
          <h2
            class="sc-jqUVSM bGaTqy sc-bcSJjp sc-hCDzWh ktJcxc ftjzUG"
            color="GREY_3"
          >
            Our creed isn’t relentless disruption. It’s to always do the right thing – both for the team and our users.
          </h2>
          <div
            class="sc-bczRLJ sc-eBxihg cFvSHK eYuZzQ"
          >
            <a
              href="https://jobs.lever.co/epifi"
              rel="noreferrer"
              target="_blank"
            >
              <div
                class="sc-jUtGcO pXsLn"
              >
                VIEW OPEN ROLES
              </div>
            </a>
            <div
              class="sc-lbhYTY pakTQ"
            >
              <img
                alt="arrow"
                class="sc-gsnTZi sc-hKMtZM krIvpr hFZcsr"
                loading="lazy"
                src="arrow-grey.svg"
              />
            </div>
          </div>
          <div
            class="sc-cBQgDv dQuQKW"
          >
            <img
              alt="Team"
              class="sc-gsnTZi sc-dkzDqf krIvpr hKVGsE"
              loading="lazy"
              src="careers-main-top.webp"
            />
          </div>
        </div>
      </div>
    </div>
    <div
      class="sc-bczRLJ sc-eCDnqH sc-keNpes cFvSHK hlRCdM iRlrXe"
    >
      <div
        class="sc-bczRLJ sc-eMWWsl cFvSHK dfeJoq"
      >
        <div
          class="sc-hrzOVh eeGZzm"
        >
          <div
            class="sc-hcJkSI sc-jTUlZf fIjBaQ kVExqi"
          >
            <div
              class="sc-feINqK jhpGja"
            >
              <div
                class="sc-eCYdqJ dDbNhH sc-lcoedz hkMQnn"
              >
                The idea is to make things & break norms
              </div>
              <div
                class="sc-eCYdqJ DchVY sc-fpcwso"
                color="TEXT_GREY_1"
              >
                In a positive and inclusive community, that nudges you to think harder, stay curious, and remain nimble.
              </div>
            </div>
            <div
              class="sc-lmHNfd sc-bdxVC tOVxk cDDxtO"
            >
              <img
                alt="image"
                class="sc-gsnTZi sc-dkzDqf krIvpr hKVGsE"
                loading="lazy"
                src="card-one-poster.webp"
              />
            </div>
          </div>
        </div>
        <div
          class="sc-hrzOVh eeGZzm"
        >
          <div
            class="sc-hcJkSI sc-jFdHWG fIjBaQ knqOtu"
          >
            <div
              class="sc-feINqK jhpGja"
            >
              <div
                class="sc-eCYdqJ dDbNhH sc-lcoedz hkMQnn"
              >
                In an
                <br />
                employee-first
                <br />
                environment
              </div>
              <div
                class="sc-eCYdqJ DchVY sc-fpcwso"
                color="TEXT_GREY_1"
              >
                An equal opportunity,
                <br />
                working environment –
                <br />
                where you form our epicenter.
              </div>
            </div>
            <div
              class="sc-lmHNfd sc-fYIOIr tOVxk cWJCIE"
            >
              <img
                alt="image"
                class="sc-gsnTZi sc-dkzDqf krIvpr hKVGsE"
                loading="lazy"
                src="card-two-poster.webp"
              />
            </div>
          </div>
        </div>
        <div
          class="sc-hrzOVh eeGZzm"
        >
          <div
            class="sc-hcJkSI sc-cBOWjd fIjBaQ gGjNDd"
          >
            <div
              class="sc-feINqK jhpGja"
            >
              <div
                class="sc-eCYdqJ dDbNhH sc-lcoedz hkMQnn"
              >
                Where you work on your time, in your place
              </div>
              <div
                class="sc-eCYdqJ DchVY sc-fpcwso"
                color="TEXT_GREY_1"
              >
                We’re based in Bangalore, but for now, you can work from home, on-the-go or from a boat.
              </div>
            </div>
            <div
              class="sc-lmHNfd sc-bdxVC tOVxk cDDxtO"
            >
              <img
                alt="image"
                class="sc-gsnTZi sc-dkzDqf krIvpr hKVGsE"
                loading="lazy"
                src="card-three-poster.webp"
              />
            </div>
          </div>
        </div>
      </div>
    </div>
    <div
      class="sc-iNFqmR cWZunD"
    >
      <div
        class="sc-ePsPkC xNRlI"
      >
        <h2
          class="sc-jqUVSM jjtKTA sc-eQNgno cXYZjD"
        >
          Above & beyond work
        </h2>
        <div
          class="sc-bczRLJ sc-iyOMks cFvSHK gXbKQR"
        >
          <div
            class="sc-fejtnb fNaAub"
          >
            <div
              class="sc-cmYsgE iAbjbE"
            >
              <img
                alt="image"
                class="sc-gsnTZi sc-dkzDqf krIvpr hKVGsE"
                loading="lazy"
                src="beach.svg"
              />
            </div>
            <div
              class="sc-eCYdqJ kvBVln"
              color="TUNDORA_2"
            >
              If you're stressed out, take the day off to chill. Unwell? Use your unlimited wellness leaves.
            </div>
          </div>
          <div
            class="sc-fejtnb fNaAub"
          >
            <div
              class="sc-cmYsgE iAbjbE"
            >
              <img
                alt="image"
                class="sc-gsnTZi sc-dkzDqf krIvpr hKVGsE"
                loading="lazy"
                src="lunch.svg"
              />
            </div>
            <div
              class="sc-eCYdqJ kvBVln"
              color="TUNDORA_2"
            >
              Yearning for munchies? Check our stacked pantry. Oh, and lunch is on the house!
            </div>
          </div>
          <div
            class="sc-fejtnb fNaAub"
          >
            <div
              class="sc-cmYsgE iAbjbE"
            >
              <img
                alt="image"
                class="sc-gsnTZi sc-dkzDqf krIvpr hKVGsE"
                loading="lazy"
                src="flag.svg"
              />
            </div>
            <div
              class="sc-eCYdqJ kvBVln"
              color="TUNDORA_2"
            >
              Embrace diversity. Meet and jam with folks from all walks of life.
            </div>
          </div>
          <div
            class="sc-fejtnb fNaAub"
          >
            <div
              class="sc-cmYsgE iAbjbE"
            >
              <img
                alt="image"
                class="sc-gsnTZi sc-dkzDqf krIvpr hKVGsE"
                loading="lazy"
                src="ambulance.svg"
              />
            </div>
            <div
              class="sc-eCYdqJ kvBVln"
              color="TUNDORA_2"
            >
              Our truly wholesome medical benefits plan takes care of you and your loved ones.
            </div>
          </div>
          <div
            class="sc-fejtnb fNaAub"
          >
            <div
              class="sc-cmYsgE iAbjbE"
            >
              <img
                alt="image"
                class="sc-gsnTZi sc-dkzDqf krIvpr hKVGsE"
                loading="lazy"
                src="joystick.svg"
              />
            </div>
            <div
              class="sc-eCYdqJ kvBVln"
              color="TUNDORA_2"
            >
              Taking a break? Unwind in our fabulous gaming room. Of course, there's a scoreboard!
            </div>
          </div>
          <div
            class="sc-fejtnb fNaAub"
          >
            <div
              class="sc-cmYsgE iAbjbE"
            >
              <img
                alt="image"
                class="sc-gsnTZi sc-dkzDqf krIvpr hKVGsE"
                loading="lazy"
                src="loudspeaker.svg"
              />
            </div>
            <div
              class="sc-eCYdqJ kvBVln"
              color="TUNDORA_2"
            >
              Our employee referral rewards are bonkers. Know someone who will fit right in? Holler!
            </div>
          </div>
        </div>
      </div>
    </div>
    <div
      class="sc-kOsxa-d ntyRx"
    >
      <div
        class="sc-bczRLJ sc-hGtivm cFvSHK inNpgf"
      >
        <div
          class="sc-eCYdqJ eBxjuS"
          color="FOREST_GREEN"
        >
          We're hiring!
        </div>
        <div
          class="sc-eCYdqJ foTXFJ sc-coCPJf koXaVi"
        >
          Your window of opportunity is wide open
        </div>
        <a
          href="https://jobs.lever.co/epifi"
          rel="noreferrer"
          target="_blank"
        >
          <div
            class="sc-eCYdqJ kswXTl sc-bcnBk fObdLx"
            color="WHITE"
          >
            <span>
              VIEW OPEN ROLES
            </span>
            <div
              class="sc-fYHEnZ kcrVdy"
            >
              <img
                alt="arrow"
                class="sc-gsnTZi sc-hKMtZM krIvpr hFZcsr"
                loading="lazy"
                src="top-right-arrow.svg"
              />
            </div>
          </div>
        </a>
        <div
          class="sc-iOnGvX gxolKP"
        >
          <div
            class="sc-cQIpJi sc-gmSHEY sc-goMRkL dbgcVo kvcsrv gnbYvi"
          >
            <img
              alt="arrow"
              class="sc-gsnTZi sc-dkzDqf krIvpr hKVGsE"
              loading="lazy"
              src="hiring-img-1.webp"
            />
          </div>
          <div
            class="sc-cQIpJi sc-VcoSR sc-jNrqiC dbgcVo elBEGz hzOuSE"
          >
            <img
              alt="arrow"
              class="sc-gsnTZi sc-hKMtZM krIvpr hFZcsr"
              loading="lazy"
              src="hiring-img-2.webp"
            />
          </div>
          <div
            class="sc-cQIpJi sc-VcoSR sc-glUVip dbgcVo elBEGz ijBYCV"
          >
            <img
              alt="arrow"
              class="sc-gsnTZi sc-hKMtZM krIvpr hFZcsr"
              loading="lazy"
              src="hiring-img-3.webp"
            />
          </div>
          <div
            class="sc-cQIpJi sc-gmSHEY sc-jKzugg dbgcVo kvcsrv jWVNyO"
          >
            <img
              alt="arrow"
              class="sc-gsnTZi sc-hKMtZM krIvpr hFZcsr"
              loading="lazy"
              src="hiring-img-4.webp"
            />
          </div>
          <div
            class="sc-cQIpJi sc-gmSHEY sc-fEVxLL dbgcVo kvcsrv ioCEln"
          >
            <img
              alt="arrow"
              class="sc-gsnTZi sc-hKMtZM krIvpr hFZcsr"
              loading="lazy"
              src="hiring-img-5.webp"
            />
          </div>
          <div
            class="sc-cQIpJi sc-VcoSR sc-jdzWJC dbgcVo elBEGz knEaWN"
          >
            <img
              alt="arrow"
              class="sc-gsnTZi sc-hKMtZM krIvpr hFZcsr"
              loading="lazy"
              src="hiring-img-6.webp"
            />
          </div>
          <div
            class="sc-cQIpJi sc-VcoSR sc-fCdBJp dbgcVo elBEGz kiwVus"
          >
            <img
              alt="arrow"
              class="sc-gsnTZi sc-hKMtZM krIvpr hFZcsr"
              loading="lazy"
              src="hiring-img-7.webp"
            />
          </div>
          <div
            class="sc-cQIpJi sc-gmSHEY sc-jaIaHg dbgcVo kvcsrv bUPLFh"
          >
            <img
              alt="arrow"
              class="sc-gsnTZi sc-hKMtZM krIvpr hFZcsr"
              loading="lazy"
              src="hiring-img-8.webp"
            />
          </div>
        </div>
      </div>
    </div>
    <div
      class="sc-iaUDOe iLdVhO"
    >
      <div
        class="sc-iQJPop QWkNh"
      >
        <div
          class="sc-eYmodA cFRFSi"
        >
          <h2
            class="sc-jqUVSM jjtKTA sc-aVUuG iZxAuz"
          >
            Fi partners with the best to secure your money
          </h2>
          <div
            class="sc-iJRSss jXAmN"
          >
            <div
              class="sc-bczRLJ sc-dICTr cFvSHK kaCHMr"
            >
              <div
                class="sc-hAGLhy sc-dNezTh gLyUDu gHwDxJ"
              >
                <img
                  alt="Federal Bank"
                  class="sc-gsnTZi sc-hKMtZM krIvpr hFZcsr"
                  loading="lazy"
                  src="federal.png"
                />
              </div>
              <div
                class="sc-hAGLhy sc-lkcIho gLyUDu dlpjIn"
              >
                <img
                  alt="VISA"
                  class="sc-gsnTZi sc-hKMtZM krIvpr hFZcsr"
                  loading="lazy"
                  src="visa.png"
                />
              </div>
              <div
                class="sc-hAGLhy sc-jwBhTO gLyUDu dtvBkg"
              >
                <img
                  alt="NPCI"
                  class="sc-gsnTZi sc-hKMtZM krIvpr hFZcsr"
                  loading="lazy"
                  src="npci.png"
                />
              </div>
              <div
                class="sc-hAGLhy sc-gFCZzz gLyUDu djpgqu"
              >
                <img
                  alt="PCI"
                  class="sc-gsnTZi sc-hKMtZM krIvpr hFZcsr"
                  loading="lazy"
                  src="pci.png"
                />
              </div>
              <div
                class="sc-hAGLhy sc-jtJlRs gLyUDu cGMbwa"
              >
                <img
                  alt="PCI"
                  class="sc-gsnTZi sc-hKMtZM krIvpr hFZcsr"
                  loading="lazy"
                  src="epifi-wealth.png"
                />
              </div>
            </div>
          </div>
          <div
            class="sc-gCLdxd hZXIIG"
          >
            <div
              class="sc-eCYdqJ dyZMDF sc-iMJOuO ehQZL"
              color="GREY_3"
            >
              <p
                class="sc-fVLGaz TOOTJ"
              >
                Our partner bank hosts your Fi-Federal Savings Account and Visa Debit Card, and follows all security standards, as per RBI regulations.
              </p>
              <p
                class="sc-fVLGaz TOOTJ"
              >
                Your money is always safe with our banking partner, Federal Bank and your money is insured upto 
                <strong>
                  ₹5 lakh
                </strong>
                 as per the RBI’s insurance deposit scheme.
              </p>
              <p
                class="sc-fVLGaz TOOTJ"
              >
                Fi itself is not a bank and doesn’t hold or claim to have a banking license.
              </p>
            </div>
          </div>
        </div>
      </div>
      <div
        class="sc-cwpsFg KVyBC"
      >
        <div
          class="sc-dkSuNL eCmbdT"
        >
          <div
            class="sc-bczRLJ sc-kngDgl sc-gJwTLC cFvSHK TlBtU jWiOvF"
          >
            <div
              class="sc-fxvKuh iLEuH"
            >
              <div
                class="sc-iJkHyd dEepvI"
              >
                <div>
                  <div
                    class="sc-eCYdqJ bnCuWB"
                    color="FI_GREEN"
                  >
                    Your Privacy.
                    <br />
                    Minus the jargon.
                  </div>
                </div>
                <div
                  class="sc-iWajrY czNAel"
                >
                  <span
                    class="sc-ftvSup gsYrLz"
                    color="WHITE"
                  >
                    <img
                      alt="arrow"
                      class="sc-gsnTZi sc-hKMtZM krIvpr hFZcsr"
                      loading="eager"
                      src="top-right-arrow.svg"
                    />
                  </span>
                </div>
              </div>
              <div
                class="sc-iJkHyd ejKlTU"
              >
                <div>
                  <div
                    class="sc-eCYdqJ cMbRGg"
                    color="FI_PINK"
                  >
                    No Hidden
                    <br />
                    Fees!
                  </div>
                </div>
                <div
                  class="sc-iWajrY czNAel"
                >
                  <span
                    class="sc-ftvSup gsYrLz"
                    color="WHITE"
                  >
                    <img
                      alt="arrow"
                      class="sc-gsnTZi sc-hKMtZM krIvpr hFZcsr"
                      loading="eager"
                      src="top-right-arrow.svg"
                    />
                  </span>
                </div>
              </div>
              <a
                href="https://jobs.lever.co/epifi"
                rel="noreferrer"
                target="_blank"
              >
                <div
                  class="sc-iJkHyd ejKlTU"
                >
                  <div>
                    <div
                      class="sc-eCYdqJ jdNfrJ"
                      color="FI_LIGHT_BLUE"
                    >
                      Join the
                      <br />
                      team.
                    </div>
                  </div>
                  <div
                    class="sc-iWajrY czNAel"
                  >
                    <span
                      class="sc-ftvSup gsYrLz"
                      color="WHITE"
                    >
                      <img
                        alt="arrow"
                        class="sc-gsnTZi sc-hKMtZM krIvpr hFZcsr"
                        loading="eager"
                        src="top-right-arrow.svg"
                      />
                    </span>
                  </div>
                </div>
              </a>
            </div>
            <div
              class="sc-jKDlA-D bKqmIr"
            >
              <img
                alt="image"
                class="sc-gsnTZi sc-dkzDqf krIvpr hKVGsE"
                loading="lazy"
                src="footer-logo.svg"
              />
            </div>
            <div
              class="sc-bczRLJ sc-bTMaZy cFvSHK yQEXi"
            >
              <div
                class="sc-bczRLJ sc-afnQL sc-tQuYZ cFvSHK lewnTt ferVki"
              >
                <div
                  class="sc-dSuTWQ kPVxin"
                >
                  <div
                    class="sc-eCYdqJ fzRvzi"
                    color="TEXT_GREY_1"
                  >
                    Pronounced 
                    <span
                      class="sc-ftvSup gOxMIH"
                      color="WHITE"
                    >
                       Fī(-ē) 
                    </span>
                    and sounds like
                    <div
                      class="sc-kjEcyX ikirKI"
                    >
                      <img
                        alt="volume"
                        class="sc-gsnTZi sc-hKMtZM krIvpr hFZcsr"
                        loading="lazy"
                        src="volume-active.svg"
                      />
                    </div>
                    <audio
                      class="sc-cLFqLo jDIWhf"
                    >
                      <source
                        src="FiAudio.mp3"
                        type="audio/mpeg"
                      />
                    </audio>
                  </div>
                </div>
                <div
                  class="sc-bczRLJ sc-kngDgl sc-cHPgQl cFvSHK TlBtU bYzimd"
                >
                  <div
                    class="sc-fHsOPI jpBIgo"
                  >
                    <div
                      class="sc-gkJlnC iforIl"
                    >
                      hi
                    </div>
                    <div
                      class="sc-gzzPqb fnEVGI"
                    >
                      <img
                        alt="image"
                        class="sc-gsnTZi sc-dkzDqf krIvpr hKVGsE"
                        loading="lazy"
                        src="hifi.png"
                      />
                    </div>
                  </div>
                  <div
                    class="sc-fHsOPI jpBIgo"
                  >
                    <div
                      class="sc-gkJlnC iforIl"
                    >
                      sky
                    </div>
                    <div
                      class="sc-gzzPqb fnEVGI"
                    >
                      <img
                        alt="image"
                        class="sc-gsnTZi sc-dkzDqf krIvpr hKVGsE"
                        loading="lazy"
                        src="sky.png"
                      />
                    </div>
                  </div>
                  <div
                    class="sc-fHsOPI jpBIgo"
                  >
                    <div
                      class="sc-gkJlnC iforIl"
                    >
                      tie
                    </div>
                    <div
                      class="sc-gzzPqb fnEVGI"
                    >
                      <img
                        alt="image"
                        class="sc-gsnTZi sc-dkzDqf krIvpr hKVGsE"
                        loading="lazy"
                        src="tie.svg"
                      />
                    </div>
                  </div>
                  <div
                    class="sc-fHsOPI jpBIgo"
                  >
                    <div
                      class="sc-gkJlnC iforIl"
                    >
                      fly
                    </div>
                    <div
                      class="sc-gzzPqb fnEVGI"
                    >
                      <img
                        alt="image"
                        class="sc-gsnTZi sc-dkzDqf krIvpr hKVGsE"
                        loading="lazy"
                        src="fly.svg"
                      />
                    </div>
                  </div>
                </div>
              </div>
              <div>
                <div
                  class="sc-bczRLJ sc-gHLcSH cFvSHK kEhzMq"
                >
                  <h3
                    class="sc-kDDrLX eMDbJf sc-jhzXDd coOizB"
                    color="WHITE"
                  >
                    <div />
                  </h3>
                  <h3
                    class="sc-kDDrLX eMDbJf sc-jhzXDd coOizB"
                    color="WHITE"
                  >
                    <div />
                  </h3>
                  <h3
                    class="sc-kDDrLX eMDbJf sc-jhzXDd coOizB"
                    color="WHITE"
                  >
                    <div />
                  </h3>
                  <h3
                    class="sc-kDDrLX eMDbJf sc-jhzXDd coOizB"
                    color="WHITE"
                  >
                    <div />
                  </h3>
                  <h3
                    class="sc-kDDrLX eMDbJf sc-jhzXDd coOizB"
                    color="WHITE"
                  >
                    <div />
                  </h3>
                </div>
                <div
                  class="sc-bczRLJ sc-djUGQo cFvSHK cHDGYA"
                >
                  <h3
                    class="sc-kDDrLX eMDbJf sc-jhzXDd coOizB"
                    color="WHITE"
                  >
                    <div />
                  </h3>
                  <h3
                    class="sc-kDDrLX eMDbJf sc-jhzXDd coOizB"
                    color="WHITE"
                  >
                    <div />
                  </h3>
                  <h3
                    class="sc-kDDrLX eMDbJf sc-jhzXDd coOizB"
                    color="WHITE"
                  >
                    <div />
                  </h3>
                  <h3
                    class="sc-kDDrLX eMDbJf sc-jhzXDd coOizB"
                    color="WHITE"
                  >
                    <div />
                  </h3>
                  <h3
                    class="sc-kDDrLX eMDbJf sc-jhzXDd coOizB"
                    color="WHITE"
                  >
                    <a
                      href="/blog"
                    >
                      Blog
                    </a>
                  </h3>
                  <h3
                    class="sc-kDDrLX eMDbJf sc-jhzXDd coOizB"
                    color="WHITE"
                  >
                    <div />
                  </h3>
                </div>
              </div>
            </div>
            <div
              class="sc-bczRLJ sc-hZFzCs cFvSHK gaLYiB"
            >
              <div
                class="sc-bczRLJ sc-afnQL sc-hjQCSK cFvSHK lewnTt kMduYt"
              >
                <div
                  class="sc-eCYdqJ hdRMJn sc-bSakgD jyOxpN"
                  color="TEXT_GREY_1"
                >
                  Contact Fi Money customer care
                </div>
                <div
                  class="sc-bczRLJ sc-kngDgl sc-jvLaUc cFvSHK TlBtU kjFwxX"
                >
                  <div
                    class="sc-fmrZth fmrhOc"
                  >
                    <div
                      class="sc-eXBvqI gyNIoe"
                    >
                      080-47485490
                    </div>
                  </div>
                  <div
                    class="sc-fmrZth fmrhOc"
                  >
                    <a
                      href="mailto:help@fi.care"
                    >
                      <div
                        class="sc-eXBvqI gyNIoe"
                      >
                        help@fi.care
                      </div>
                    </a>
                  </div>
                  <div
                    class="sc-fmrZth fmrhOc"
                  >
                    <div
                      class="sc-eXBvqI gyNIoe"
                    >
                      In-app chat
                    </div>
                  </div>
                </div>
                <div
                  class="sc-bczRLJ cFvSHK"
                >
                  <div
                    class="sc-edUIhV hrYfin"
                  >
                    <a
                      href="https://www.instagram.com/bankonfi"
                      rel="noreferrer"
                      target="_blank"
                    >
                      <img
                        alt="instagram"
                        class="sc-gsnTZi sc-hKMtZM krIvpr hFZcsr"
                        loading="lazy"
                        src="instagram-white.svg"
                      />
                    </a>
                  </div>
                  <div
                    class="sc-edUIhV hrYfin"
                  >
                    <a
                      href="https://www.twitter.com/Bank_on_Fi"
                      rel="noreferrer"
                      target="_blank"
                    >
                      <img
                        alt="twitter"
                        class="sc-gsnTZi sc-hKMtZM krIvpr hFZcsr"
                        loading="lazy"
                        src="twitter-white.svg"
                      />
                    </a>
                  </div>
                  <div
                    class="sc-edUIhV hrYfin"
                  >
                    <a
                      href="https://www.linkedin.com/company/epifi"
                      rel="noreferrer"
                      target="_blank"
                    >
                      <img
                        alt="linkedin"
                        class="sc-gsnTZi sc-hKMtZM krIvpr hFZcsr"
                        loading="lazy"
                        src="linkedin-white.svg"
                      />
                    </a>
                  </div>
                </div>
                <div
                  class="sc-bczRLJ sc-jmnVvD cFvSHK dGHkGt"
                >
                  <div
                    class="sc-eCYdqJ hdRMJn sc-iXxrte gxfcTv"
                    color="TEXT_GREY_1"
                  >
                    <div />
                  </div>
                  <div
                    class="sc-eCYdqJ hdRMJn sc-iXxrte gxfcTv"
                    color="TEXT_GREY_1"
                  >
                    <div />
                  </div>
                  <div
                    class="sc-eCYdqJ hdRMJn sc-iXxrte gxfcTv"
                    color="TEXT_GREY_1"
                  >
                    <a
                      href="https://www.federalbank.co.in/our-commitments"
                      rel="noreferrer"
                      target="_blank"
                    >
                      Partner Bank Codes & Policies
                    </a>
                  </div>
                </div>
              </div>
              <div
                class="sc-hZgfyJ eWgCsw"
              >
                <div
                  class="sc-bczRLJ sc-hKpBwk cFvSHK loyOHF"
                >
                  <p
                    class="sc-evZas igfRis sc-ewDcJz jtYAuB"
                    color="GREY_2"
                  >
                    Fi is a money management platform that re-imagines the banking experience in India. The Fi account, in partnership with Federal Bank, is a digital bank account that gives you the fastest way to open a bank account online.
                  </p>
                  <p
                    class="sc-evZas igfRis sc-ehMyHa bxRvfH"
                    color="GREY_2"
                  >
                    You can do everything from the Fi App, including p2p payments, fund transfers, bill payments, and more, with features to automate every action. You also get a Fi-Federal co-branded Debit Card, spends insights and tools to grow your investment and earn rewards.
                  </p>
                </div>
                <div
                  class="sc-eCYdqJ iPRnVa sc-djvmMF bnhvWu"
                  color="GREY_2"
                >
                  Disclaimer: You may have noticed some brand logos used on this website to indicate where you, as a user, may or may not have spent money. We don’t endorse these brands. Nor do these brands endorse us. The logos of the specific brands are owned by them.
                </div>
                <div
                  class="sc-cUEIKg egtcEd"
                >
                  <div
                    class="sc-eCYdqJ gibgTe sc-kItwNn bBmJvR"
                    color="TEXT_GREY_1"
                  >
                    © epiFi Wealth Pvt. Ltd. 2022
                  </div>
                  <div
                    class="sc-eCYdqJ gibgTe sc-kItwNn bBmJvR"
                    color="TEXT_GREY_1"
                  >
                    © epiFi Technologies Pvt. Ltd. 2022
                  </div>
                </div>
              </div>
            </div>
          </div>
        </div>
      </div>
      <div
        class="sc-eKBdFk iPGhao"
      />
      <div
        class="sc-jOhDuK sc-hlnMnd vEAce fyIvxi"
      >
        <div
          class="sc-bUbCnL iygcBD"
        >
          <a
            href="https://play.google.com/store/apps/details?id=com.epifi.paisa&referrer=utm_source%3Dfimoney"
            id="footer_playstore_link"
            rel="noreferrer"
            target="_blank"
          >
            <div
              class="sc-kIKDeO fjNkXd"
            >
              <img
                alt="logo"
                class="sc-gsnTZi sc-dkzDqf krIvpr hKVGsE"
                loading="lazy"
                src="play-store_black.png"
              />
            </div>
          </a>
          <a
            href="https://apps.apple.com/in/app/fi-money-digital-banking/id1531564767"
            id="footer_appstore_link"
            rel="noreferrer"
            target="_blank"
          >
            <div
              class="sc-hNKHps cvMsDD"
            >
              <img
                alt="logo"
                class="sc-gsnTZi sc-dkzDqf krIvpr hKVGsE"
                loading="lazy"
                src="app-store_black.png"
              />
            </div>
          </a>
        </div>
      </div>
    </div>
  </div>
</DocumentFragment>
`;
